[cron] alert scheduler enabled: "0 * * * *"
[cron] sync scheduler enabled: "15 * * * *"

  BCDN Fusion is running:
    Listen : 0.0.0.0:3000
    Local  : http://localhost:3000/
    LAN    : http://10.43.38.100:3000/
    LAN    : http://192.168.255.10:3000/
    API    : http://localhost:3000/api/customers

[cron] alert check: {"checked":5,"alerted":4,"results":[{"customer":"防报毒","balance":-1294.62,"threshold":500,"sent":false},{"customer":"APP下载1","balance":867.6,"threshold":500,"ok":true},{"customer":"op集群大客","balance":0,"threshold":500,"sent":false},{"customer":"防报毒1","balance":-83785.68,"threshold":100,"sent":false},{"customer":"YCN2测试客户","balance":0,"threshold":100,"sent":false}]}
[cron] sync: 4 customers, results=3 ok
[cron] sync: 4 customers, results=3 ok
[cron] alert check: {"checked":5,"alerted":0,"results":[{"customer":"防报毒","balance":-1317.92,"threshold":500,"skipped":"cooldown (240 min remaining)"},{"customer":"APP下载1","balance":859.56,"threshold":500,"ok":true},{"customer":"op集群大客","balance":0,"threshold":500,"skipped":"cooldown (240 min remaining)"},{"customer":"防报毒1","balance":-84717.56,"threshold":100,"skipped":"cooldown (240 min remaining)"},{"customer":"YCN2测试客户","balance":0,"threshold":100,"skipped":"cooldown (240 min remaining)"}]}
[cron] sync: 4 customers, results=3 ok
[cron] alert check: {"checked":5,"alerted":0,"results":[{"customer":"防报毒","balance":-1319.22,"threshold":500,"skipped":"cooldown (180 min remaining)"},{"customer":"APP下载1","balance":859.05,"threshold":500,"ok":true},{"customer":"op集群大客","balance":0,"threshold":500,"skipped":"cooldown (180 min remaining)"},{"customer":"防报毒1","balance":-84769.57,"threshold":100,"skipped":"cooldown (180 min remaining)"},{"customer":"YCN2测试客户","balance":0,"threshold":100,"skipped":"cooldown (180 min remaining)"}]}
[cron] sync: 4 customers, results=3 ok
[cron] alert check: {"checked":5,"alerted":0,"results":[{"customer":"防报毒","balance":-1320.75,"threshold":500,"skipped":"cooldown (120 min remaining)"},{"customer":"APP下载1","balance":858.52,"threshold":500,"ok":true},{"customer":"op集群大客","balance":0,"threshold":500,"skipped":"cooldown (120 min remaining)"},{"customer":"防报毒1","balance":-84830.8,"threshold":100,"skipped":"cooldown (120 min remaining)"},{"customer":"YCN2测试客户","balance":0,"threshold":100,"skipped":"cooldown (120 min remaining)"}]}
[cron] sync: 4 customers, results=3 ok
[cron] alert check: {"checked":5,"alerted":0,"results":[{"customer":"防报毒","balance":-1322.27,"threshold":500,"skipped":"cooldown (60 min remaining)"},{"customer":"APP下载1","balance":858.01,"threshold":500,"ok":true},{"customer":"op集群大客","balance":0,"threshold":500,"skipped":"cooldown (60 min remaining)"},{"customer":"防报毒1","balance":-84891.6,"threshold":100,"skipped":"cooldown (60 min remaining)"},{"customer":"YCN2测试客户","balance":0,"threshold":100,"skipped":"cooldown (60 min remaining)"}]}
[cron] sync: 4 customers, results=3 ok
[cron] alert check: {"checked":5,"alerted":4,"results":[{"customer":"防报毒","balance":-1323.68,"threshold":500,"sent":false},{"customer":"APP下载1","balance":857.57,"threshold":500,"ok":true},{"customer":"op集群大客","balance":0,"threshold":500,"sent":false},{"customer":"防报毒1","balance":-84947.78,"threshold":100,"sent":false},{"customer":"YCN2测试客户","balance":0,"threshold":100,"sent":false}]}
[cron] alert check: {"checked":5,"alerted":0,"results":[{"customer":"防报毒","balance":-1323.68,"threshold":500,"skipped":"cooldown (240 min remaining)"},{"customer":"APP下载1","balance":857.57,"threshold":500,"ok":true},{"customer":"op集群大客","balance":0,"threshold":500,"skipped":"cooldown (240 min remaining)"},{"customer":"防报毒1","balance":-84947.78,"threshold":100,"skipped":"cooldown (240 min remaining)"},{"customer":"YCN2测试客户","balance":0,"threshold":100,"skipped":"cooldown (240 min remaining)"}]}
[cron] sync: 4 customers, results=3 ok
[cron] alert check: {"checked":5,"alerted":4,"results":[{"customer":"防报毒","balance":-1333.06,"threshold":500,"sent":false},{"customer":"APP下载1","balance":854.1,"threshold":500,"ok":true},{"customer":"op集群大客","balance":0,"threshold":500,"sent":false},{"customer":"防报毒1","balance":-85323,"threshold":100,"sent":false},{"customer":"YCN2测试客户","balance":0,"threshold":100,"sent":false}]}
[cron] sync: 4 customers, results=3 ok
[cron] alert check: {"checked":5,"alerted":0,"results":[{"customer":"防报毒","balance":-1342.92,"threshold":500,"skipped":"cooldown (120 min remaining)"},{"customer":"APP下载1","balance":850.18,"threshold":500,"ok":true},{"customer":"op集群大客","balance":0,"threshold":500,"skipped":"cooldown (120 min remaining)"},{"customer":"防报毒1","balance":-85717.33,"threshold":100,"skipped":"cooldown (120 min remaining)"},{"customer":"YCN2测试客户","balance":0,"threshold":100,"skipped":"cooldown (120 min remaining)"}]}
[cron] sync: 4 customers, results=3 ok
[cron] alert check: {"checked":5,"alerted":4,"results":[{"customer":"防报毒","balance":-1343.99,"threshold":500,"sent":false},{"customer":"APP下载1","balance":849.81,"threshold":500,"ok":true},{"customer":"op集群大客","balance":0,"threshold":500,"sent":false},{"customer":"防报毒1","balance":-85760.28,"threshold":100,"sent":false},{"customer":"YCN2测试客户","balance":0,"threshold":100,"sent":false}]}
[cron] sync: 4 customers, results=3 ok
[cron] alert check: {"checked":5,"alerted":0,"results":[{"customer":"防报毒","balance":-1348.97,"threshold":500,"skipped":"cooldown (300 min remaining)"},{"customer":"APP下载1","balance":847.94,"threshold":500,"ok":true},{"customer":"op集群大客","balance":0,"threshold":500,"skipped":"cooldown (300 min remaining)"},{"customer":"防报毒1","balance":-85959.36,"threshold":100,"skipped":"cooldown (300 min remaining)"},{"customer":"YCN2测试客户","balance":0,"threshold":100,"skipped":"cooldown (300 min remaining)"}]}
[cron] alert check: {"checked":5,"alerted":0,"results":[{"customer":"防报毒","balance":-1348.97,"threshold":500,"skipped":"cooldown (240 min remaining)"},{"customer":"APP下载1","balance":847.94,"threshold":500,"ok":true},{"customer":"op集群大客","balance":0,"threshold":500,"skipped":"cooldown (240 min remaining)"},{"customer":"防报毒1","balance":-85959.36,"threshold":100,"skipped":"cooldown (240 min remaining)"},{"customer":"YCN2测试客户","balance":0,"threshold":100,"skipped":"cooldown (240 min remaining)"}]}
[cron] sync: 4 customers, results=3 ok
[cron] sync: 4 customers, results=3 ok
[cron] alert check: {"checked":5,"alerted":4,"results":[{"customer":"防报毒","balance":-1371.77,"threshold":500,"sent":false},{"customer":"APP下载1","balance":839.54,"threshold":500,"ok":true},{"customer":"op集群大客","balance":0,"threshold":500,"sent":false},{"customer":"防报毒1","balance":-86875.49,"threshold":100,"sent":false},{"customer":"YCN2测试客户","balance":0,"threshold":100,"sent":false}]}
[cron] sync: 4 customers, results=3 ok
[cron] alert check: {"checked":5,"alerted":0,"results":[{"customer":"防报毒","balance":-1372.84,"threshold":500,"skipped":"cooldown (300 min remaining)"},{"customer":"APP下载1","balance":839.19,"threshold":500,"ok":true},{"customer":"op集群大客","balance":0,"threshold":500,"skipped":"cooldown (300 min remaining)"},{"customer":"防报毒1","balance":-86914.21,"threshold":100,"skipped":"cooldown (300 min remaining)"},{"customer":"YCN2测试客户","balance":0,"threshold":100,"skipped":"cooldown (300 min remaining)"}]}
[cron] sync: 4 customers, results=3 ok
[cron] alert check: {"checked":5,"alerted":0,"results":[{"customer":"防报毒","balance":-1373.99,"threshold":500,"skipped":"cooldown (240 min remaining)"},{"customer":"APP下载1","balance":838.87,"threshold":500,"ok":true},{"customer":"op集群大客","balance":0,"threshold":500,"skipped":"cooldown (240 min remaining)"},{"customer":"防报毒1","balance":-86960.21,"threshold":100,"skipped":"cooldown (240 min remaining)"},{"customer":"YCN2测试客户","balance":0,"threshold":100,"skipped":"cooldown (240 min remaining)"}]}
[cron] sync: 4 customers, results=3 ok
[cron] sync: 4 customers, results=3 ok
[cron] alert check: {"checked":5,"alerted":0,"results":[{"customer":"防报毒","balance":-1376.55,"threshold":500,"skipped":"cooldown (60 min remaining)"},{"customer":"APP下载1","balance":838.47,"threshold":500,"ok":true},{"customer":"op集群大客","balance":0,"threshold":500,"skipped":"cooldown (60 min remaining)"},{"customer":"防报毒1","balance":-87062.62,"threshold":100,"skipped":"cooldown (60 min remaining)"},{"customer":"YCN2测试客户","balance":0,"threshold":100,"skipped":"cooldown (60 min remaining)"}]}
[cron] alert check: {"checked":5,"alerted":4,"results":[{"customer":"防报毒","balance":-1376.55,"threshold":500,"sent":false},{"customer":"APP下载1","balance":838.47,"threshold":500,"ok":true},{"customer":"op集群大客","balance":0,"threshold":500,"sent":false},{"customer":"防报毒1","balance":-87062.62,"threshold":100,"sent":false},{"customer":"YCN2测试客户","balance":0,"threshold":100,"sent":false}]}
[cron] alert check: {"checked":5,"alerted":4,"results":[{"customer":"防报毒","balance":-1376.55,"threshold":500,"sent":false},{"customer":"APP下载1","balance":838.47,"threshold":500,"ok":true},{"customer":"op集群大客","balance":0,"threshold":500,"sent":false},{"customer":"防报毒1","balance":-87062.62,"threshold":100,"sent":false},{"customer":"YCN2测试客户","balance":0,"threshold":100,"sent":false}]}
[cron] alert check: {"checked":5,"alerted":0,"results":[{"customer":"防报毒","balance":-1376.55,"threshold":500,"skipped":"cooldown (240 min remaining)"},{"customer":"APP下载1","balance":838.47,"threshold":500,"ok":true},{"customer":"op集群大客","balance":0,"threshold":500,"skipped":"cooldown (240 min remaining)"},{"customer":"防报毒1","balance":-87062.62,"threshold":100,"skipped":"cooldown (240 min remaining)"},{"customer":"YCN2测试客户","balance":0,"threshold":100,"skipped":"cooldown (240 min remaining)"}]}
[cron] sync: 4 customers, results=3 ok
[cron] sync: 4 customers, results=3 ok
[cron] alert check: {"checked":5,"alerted":4,"results":[{"customer":"防报毒","balance":-1401.04,"threshold":500,"sent":false},{"customer":"APP下载1","balance":843.36,"threshold":500,"ok":true},{"customer":"op集群大客","balance":0,"threshold":500,"sent":false},{"customer":"防报毒1","balance":-88042.11,"threshold":100,"sent":false},{"customer":"YCN2测试客户","balance":0,"threshold":100,"sent":false}]}
[cron] sync: 4 customers, results=3 ok
[cron] alert check: {"checked":5,"alerted":0,"results":[{"customer":"防报毒","balance":-1402.23,"threshold":500,"skipped":"cooldown (300 min remaining)"},{"customer":"APP下载1","balance":843.36,"threshold":500,"ok":true},{"customer":"op集群大客","balance":0,"threshold":500,"skipped":"cooldown (300 min remaining)"},{"customer":"防报毒1","balance":-88089.92,"threshold":100,"skipped":"cooldown (300 min remaining)"},{"customer":"YCN2测试客户","balance":0,"threshold":100,"skipped":"cooldown (300 min remaining)"}]}
[cron] sync: 3 customers, results=3 ok
[cron] alert check: {"checked":4,"alerted":0,"results":[{"customer":"防报毒","balance":-1403.38,"threshold":500,"skipped":"cooldown (240 min remaining)"},{"customer":"APP下载1","balance":843.36,"threshold":500,"ok":true},{"customer":"op集群大客","balance":0,"threshold":500,"skipped":"cooldown (240 min remaining)"},{"customer":"防报毒1","balance":-88135.68,"threshold":100,"skipped":"cooldown (240 min remaining)"}]}
[cron] sync: 3 customers, results=3 ok
[cron] sync: 3 customers, results=3 ok
[cron] alert check: {"checked":4,"alerted":0,"results":[{"customer":"防报毒","balance":-1405.86,"threshold":500,"skipped":"cooldown (120 min remaining)"},{"customer":"APP下载1","balance":843.36,"threshold":500,"ok":true},{"customer":"op集群大客","balance":0,"threshold":500,"skipped":"cooldown (120 min remaining)"},{"customer":"防报毒1","balance":-88234.82,"threshold":100,"skipped":"cooldown (120 min remaining)"}]}
[cron] sync: 3 customers, results=3 ok
[cron] sync: 3 customers, results=3 ok
[cron] alert check: {"checked":4,"alerted":3,"results":[{"customer":"防报毒","balance":-1408.8,"threshold":500,"sent":false},{"customer":"APP下载1","balance":843.36,"threshold":500,"ok":true},{"customer":"op集群大客","balance":0,"threshold":500,"sent":false},{"customer":"防报毒1","balance":-88352.67,"threshold":100,"sent":false}]}
[cron] sync: 3 customers, results=3 ok
[cron] alert check: {"checked":4,"alerted":0,"results":[{"customer":"防报毒","balance":-1410.22,"threshold":500,"skipped":"cooldown (240 min remaining)"},{"customer":"APP下载1","balance":843.36,"threshold":500,"ok":true},{"customer":"op集群大客","balance":0,"threshold":500,"skipped":"cooldown (240 min remaining)"},{"customer":"防报毒1","balance":-88409.19,"threshold":100,"skipped":"cooldown (240 min remaining)"}]}
[cron] sync: 3 customers, results=3 ok
[cron] alert check: {"checked":4,"alerted":3,"results":[{"customer":"防报毒","balance":-1413.79,"threshold":500,"sent":false},{"customer":"APP下载1","balance":843.36,"threshold":500,"ok":true},{"customer":"op集群大客","balance":0,"threshold":500,"sent":false},{"customer":"防报毒1","balance":-88552.18,"threshold":100,"sent":false}]}
[cron] sync: 3 customers, results=3 ok
[cron] alert check: {"checked":4,"alerted":0,"results":[{"customer":"防报毒","balance":-1419.41,"threshold":500,"skipped":"cooldown (300 min remaining)"},{"customer":"APP下载1","balance":843.36,"threshold":500,"ok":true},{"customer":"op集群大客","balance":0,"threshold":500,"skipped":"cooldown (300 min remaining)"},{"customer":"防报毒1","balance":-88776.97,"threshold":100,"skipped":"cooldown (300 min remaining)"}]}
[cron] sync: 3 customers, results=3 ok
[cron] alert check: {"checked":4,"alerted":3,"results":[{"customer":"防报毒","balance":-1419.41,"threshold":500,"sent":false},{"customer":"APP下载1","balance":843.36,"threshold":500,"ok":true},{"customer":"op集群大客","balance":0,"threshold":500,"sent":false},{"customer":"防报毒1","balance":-88776.97,"threshold":100,"sent":false}]}
[cron] sync: 3 customers, results=3 ok
[cron] sync: 3 customers, results=3 ok
[cron] sync: 3 customers, results=3 ok
[cron] sync: 3 customers, results=3 ok
[cron] sync: 3 customers, results=3 ok
[cron] sync: 3 customers, results=0 ok
[cron] alert check: {"checked":4,"alerted":3,"results":[{"customer":"防报毒","balance":-1446.71,"threshold":500,"sent":false},{"customer":"APP下载1","balance":843.36,"threshold":500,"ok":true},{"customer":"op集群大客","balance":0,"threshold":500,"sent":false},{"customer":"防报毒1","balance":-89869.15,"threshold":100,"sent":false}]}
[cron] sync: 3 customers, results=3 ok
[cron] alert check: {"checked":4,"alerted":3,"results":[{"customer":"防报毒","balance":-1464.33,"threshold":500,"sent":false},{"customer":"APP下载1","balance":843.36,"threshold":500,"ok":true},{"customer":"op集群大客","balance":0,"threshold":500,"sent":false},{"customer":"防报毒1","balance":-90573.88,"threshold":100,"sent":false}]}
[cron] alert check: {"checked":4,"alerted":3,"results":[{"customer":"防报毒","balance":-1464.33,"threshold":500,"sent":false},{"customer":"APP下载1","balance":843.36,"threshold":500,"ok":true},{"customer":"op集群大客","balance":0,"threshold":500,"sent":false},{"customer":"防报毒1","balance":-90573.88,"threshold":100,"sent":false}]}
[cron] sync: 3 customers, results=3 ok
[cron] sync: 3 customers, results=3 ok
[cron] alert check: {"checked":4,"alerted":3,"results":[{"customer":"防报毒","balance":-1486.24,"threshold":500,"sent":false},{"customer":"APP下载1","balance":843.36,"threshold":500,"ok":true},{"customer":"op集群大客","balance":0,"threshold":500,"sent":false},{"customer":"防报毒1","balance":-91450.41,"threshold":100,"sent":false}]}
[cron] sync: 3 customers, results=3 ok
[cron] alert check: {"checked":4,"alerted":0,"results":[{"customer":"防报毒","balance":-1487.43,"threshold":500,"skipped":"cooldown (300 min remaining)"},{"customer":"APP下载1","balance":843.36,"threshold":500,"ok":true},{"customer":"op集群大客","balance":0,"threshold":500,"skipped":"cooldown (300 min remaining)"},{"customer":"防报毒1","balance":-91497.95,"threshold":100,"skipped":"cooldown (300 min remaining)"}]}
[cron] sync: 3 customers, results=3 ok
[cron] alert check: {"checked":4,"alerted":0,"results":[{"customer":"防报毒","balance":-1488.69,"threshold":500,"skipped":"cooldown (240 min remaining)"},{"customer":"APP下载1","balance":843.36,"threshold":500,"ok":true},{"customer":"op集群大客","balance":0,"threshold":500,"skipped":"cooldown (240 min remaining)"},{"customer":"防报毒1","balance":-91548.34,"threshold":100,"skipped":"cooldown (240 min remaining)"}]}
[cron] sync: 3 customers, results=3 ok
[cron] alert check: {"checked":4,"alerted":0,"results":[{"customer":"防报毒","balance":-1491.41,"threshold":500,"skipped":"cooldown (120 min remaining)"},{"customer":"APP下载1","balance":843.36,"threshold":500,"ok":true},{"customer":"op集群大客","balance":0,"threshold":500,"skipped":"cooldown (120 min remaining)"},{"customer":"防报毒1","balance":-91657.4,"threshold":100,"skipped":"cooldown (120 min remaining)"}]}
[cron] sync: 3 customers, results=3 ok
[cron] alert check: {"checked":4,"alerted":0,"results":[{"customer":"防报毒","balance":-1492.96,"threshold":500,"skipped":"cooldown (60 min remaining)"},{"customer":"APP下载1","balance":843.36,"threshold":500,"ok":true},{"customer":"op集群大客","balance":0,"threshold":500,"skipped":"cooldown (60 min remaining)"},{"customer":"防报毒1","balance":-91719.34,"threshold":100,"skipped":"cooldown (60 min remaining)"}]}
[cron] sync: 3 customers, results=3 ok
